<html>
<body>
<pre>
<h1>礦ision Build Log</h1>
<h2>Tool Versions:</h2>
IDE-Version: μVision V5.15
Copyright (C) 2015 ARM Ltd and ARM Germany GmbH. All rights reserved.
License Information: Microsoft, Microsoft, LIC=UB4CX-HJGFF-WJX6K-ZW2CH-ZDPAL-6NKC3
 
Tool Versions:
Toolchain:       MDK-ARM Professional  Version: 5.15.0
Toolchain Path:  d:\Keil_v5\ARM\ARMCC\Bin
C Compiler:      Armcc.exe V5.05 update 2 (build 169)
Assembler:       Armasm.exe V5.05 update 2 (build 169)
Linker/Locator:  ArmLink.exe V5.05 update 2 (build 169)
Library Manager: ArmAr.exe V5.05 update 2 (build 169)
Hex Converter:   FromElf.exe V5.05 update 2 (build 169)
CPU DLL:         SARMCM3.DLL V5.15.0
Dialog DLL:      DARMCM1.DLL V1.12.0.0
Target DLL:      Segger\JL2CM3.dll V2.99.15.0
Dialog DLL:      TARMCM1.DLL V1.9.0.0
 
<h2>Project:</h2>
E:\FangCunApply\Case\文本PLC一体机\SoftWare\TC_V1.0\Project\MDK-ARM(uV4)\project.uvprojx
Project File Date:  02/06/2018

<h2>Output:</h2>
*** Using Compiler 'V5.05 update 2 (build 169)', folder: 'd:\Keil_v5\ARM\ARMCC\Bin'
Rebuild target 'Flash'
compiling main.c...
compiling param.c...
compiling gui.c...
compiling main_run.c...
compiling system_set.c...
compiling bsp.c...
compiling bsp_timer.c...
compiling bsp_key.c...
compiling bsp_lcd.c...
compiling bsp_mtx_key.c...
compiling bsp_cpu_flash.c...
compiling bsp_relay595.c...
compiling bsp_uart_fifo.c...
assembling startup_NUC029xAN.s...
compiling clk.c...
compiling gpio.c...
compiling sys.c...
compiling timer.c...
compiling uart.c...
compiling retarget.c...
compiling fmc.c...
compiling system_NUC029xAN.c...
compiling asc12.c...
compiling asc16.c...
compiling hz12.c...
compiling hz16.c...
compiling hz24.c...
compiling hz32.c...
linking...
Program Size: Code=13532 RO-data=4280 RW-data=196 ZI-data=3252  
FromELF: creating hex file...
".\Objects\output.axf" - 0 Error(s), 0 Warning(s).

<h2>Collection of Component include folders:</h2>
  E:\FangCunApply\Case\文本PLC一体机\SoftWare\TC_V1.0\Project\MDK-ARM(uV4)\RTE
  d:\Keil_v5\ARM\PACK\Nuvoton\NuMicro_DFP\1.2.0\Device\NUC029AN\Include

<h2>Collection of Component Files used:</h2>
</pre>
</body>
</html>
